# Описание формата карты:
#
# Первая непустая строка содержит ширину (W) и высоту (H) карты.
# Допустимыми значениями являются целые числа от 1 до 99.
#
# Далее следует (H / 2 + H % 2) непустых строк, содержащих по (W / 2 + W % 2) значащих символов каждая.
# Эти строки являются схемой левого верхнего угла карты.
# Другие части карты будут получены путём зеркального отражения схемы.
# На схеме должны быть указаны стартовые позиции всех юнитов одного игрока.
# В случае, когда ширина/высота карты является нечётным числом,
# расположение стартовых позиций юнитов на центральной линии запрещено.
#
# Значения символов на схеме:
#     Уровни высоты клетки:
#         0 - клетка не содержит препятствие
#         1 - клетка содержит низкое препятствие
#         2 - клетка содержит препятствие средней высоты
#         3 - клетка содержит высокое препятствие
#     Стартовые позиции юнитов:
#         A - клетка является стартовой позицией командира
#         B - клетка является стартовой позицией полевого медика
#         C - клетка является стартовой позицией штурмовика
#         D - клетка является стартовой позицией снайпера
#         E - клетка является стартовой позицией разведчика
#
# Допустимо использовать одиночные пробелы и пустые строки для условного разделения схемы на блоки.
# Строки, начинающиеся с символа #, игнорируются. Размер файла не должен превышать 256 кБ.

30 20

0BE00 00000 00000
C0000 00000 00000
D0A00 00333 30033
00000 00333 30033
00000 00333 30033

03333 00333 30033
03333 00000 00000
03333 00000 00000
03333 00333 30001
00000 00333 30012
