-encoding
UTF-8
-source
1.5
-classpath
/home/sannies/.m2/repository/org/aspectj/aspectjrt/1.6.11/aspectjrt-1.6.11.jar:/home/sannies/.m2/repository/xom/xom/1.2.5/xom-1.2.5.jar:/home/sannies/.m2/repository/xml-apis/xml-apis/1.3.03/xml-apis-1.3.03.jar:/home/sannies/.m2/repository/xerces/xercesImpl/2.8.0/xercesImpl-2.8.0.jar:/home/sannies/.m2/repository/xalan/xalan/2.7.0/xalan-2.7.0.jar:/home/sannies/scm/svn/mp4parser/isoparser/target/checkout/target/classes
-d
/home/sannies/scm/svn/mp4parser/isoparser/target/checkout/target/classes
/home/sannies/scm/svn/mp4parser/isoparser/target/checkout/src/main/java/com/coremedia/iso/Ascii.java
/home/sannies/scm/svn/mp4parser/isoparser/target/checkout/src/main/java/com/coremedia/iso/Utf8.java
/home/sannies/scm/svn/mp4parser/isoparser/target/checkout/src/main/java/com/coremedia/iso/AbstractBoxParser.java
/home/sannies/scm/svn/mp4parser/isoparser/target/checkout/src/main/java/com/coremedia/iso/IsoTypeReader.java
/home/sannies/scm/svn/mp4parser/isoparser/target/checkout/src/main/java/com/coremedia/iso/ChannelHelper.java
/home/sannies/scm/svn/mp4parser/isoparser/target/checkout/src/main/java/com/coremedia/iso/BoxParser.java
/home/sannies/scm/svn/mp4parser/isoparser/target/checkout/src/main/java/com/coremedia/iso/IsoFileConvenienceHelper.java
/home/sannies/scm/svn/mp4parser/isoparser/target/checkout/src/main/java/com/coremedia/iso/PropertyBoxParserImpl.java
/home/sannies/scm/svn/mp4parser/isoparser/target/checkout/src/main/java/com/coremedia/iso/IsoTypeWriter.java
/home/sannies/scm/svn/mp4parser/isoparser/target/checkout/src/main/java/com/coremedia/iso/IsoTypeWriterVariable.java
/home/sannies/scm/svn/mp4parser/isoparser/target/checkout/src/main/java/com/coremedia/iso/boxes/SampleDependencyTypeBox.java
/home/sannies/scm/svn/mp4parser/isoparser/target/checkout/src/main/java/com/coremedia/iso/boxes/SchemeInformationBox.java
/home/sannies/scm/svn/mp4parser/isoparser/target/checkout/src/main/java/com/coremedia/iso/boxes/AuthorBox.java
/home/sannies/scm/svn/mp4parser/isoparser/target/checkout/src/main/java/com/coremedia/iso/boxes/ProgressiveDownloadInformationBox.java
/home/sannies/scm/svn/mp4parser/isoparser/target/checkout/src/main/java/com/coremedia/iso/boxes/HintMediaHeaderBox.java
/home/sannies/scm/svn/mp4parser/isoparser/target/checkout/src/main/java/com/coremedia/iso/boxes/SubSampleInformationBox.java
/home/sannies/scm/svn/mp4parser/isoparser/target/checkout/src/main/java/com/coremedia/iso/boxes/FullContainerBox.java
/home/sannies/scm/svn/mp4parser/isoparser/target/checkout/src/main/java/com/coremedia/iso/boxes/RatingBox.java
/home/sannies/scm/svn/mp4parser/isoparser/target/checkout/src/main/java/com/coremedia/iso/boxes/sampleentry/VisualSampleEntry.java
/home/sannies/scm/svn/mp4parser/isoparser/target/checkout/src/main/java/com/coremedia/iso/boxes/sampleentry/MpegSampleEntry.java
/home/sannies/scm/svn/mp4parser/isoparser/target/checkout/src/main/java/com/coremedia/iso/boxes/sampleentry/AmrSpecificBox.java
/home/sannies/scm/svn/mp4parser/isoparser/target/checkout/src/main/java/com/coremedia/iso/boxes/sampleentry/TextSampleEntry.java
/home/sannies/scm/svn/mp4parser/isoparser/target/checkout/src/main/java/com/coremedia/iso/boxes/sampleentry/AudioSampleEntry.java
/home/sannies/scm/svn/mp4parser/isoparser/target/checkout/src/main/java/com/coremedia/iso/boxes/sampleentry/Ovc1VisualSampleEntryImpl.java
/home/sannies/scm/svn/mp4parser/isoparser/target/checkout/src/main/java/com/coremedia/iso/boxes/sampleentry/SubtitleSampleEntry.java
/home/sannies/scm/svn/mp4parser/isoparser/target/checkout/src/main/java/com/coremedia/iso/boxes/sampleentry/SampleEntry.java
/home/sannies/scm/svn/mp4parser/isoparser/target/checkout/src/main/java/com/coremedia/iso/boxes/ContainerBox.java
/home/sannies/scm/svn/mp4parser/isoparser/target/checkout/src/main/java/com/coremedia/iso/boxes/NullMediaHeaderBox.java
/home/sannies/scm/svn/mp4parser/isoparser/target/checkout/src/main/java/com/coremedia/iso/boxes/FreeSpaceBox.java
/home/sannies/scm/svn/mp4parser/isoparser/target/checkout/src/main/java/com/coremedia/iso/boxes/XmlBox.java
/home/sannies/scm/svn/mp4parser/isoparser/target/checkout/src/main/java/com/coremedia/iso/boxes/ItemDataBox.java
/home/sannies/scm/svn/mp4parser/isoparser/target/checkout/src/main/java/com/coremedia/iso/boxes/ObjectDescriptorBox.java
/home/sannies/scm/svn/mp4parser/isoparser/target/checkout/src/main/java/com/coremedia/iso/boxes/MetaBox.java
/home/sannies/scm/svn/mp4parser/isoparser/target/checkout/src/main/java/com/coremedia/iso/boxes/dece/TrickPlayBox.java
/home/sannies/scm/svn/mp4parser/isoparser/target/checkout/src/main/java/com/coremedia/iso/boxes/AbstractContainerBox.java
/home/sannies/scm/svn/mp4parser/isoparser/target/checkout/src/main/java/com/coremedia/iso/boxes/MediaBox.java
/home/sannies/scm/svn/mp4parser/isoparser/target/checkout/src/main/java/com/coremedia/iso/boxes/SampleAuxiliaryInformationSizesBox.java
/home/sannies/scm/svn/mp4parser/isoparser/target/checkout/src/main/java/com/coremedia/iso/boxes/h264/AvcConfigurationBox.java
/home/sannies/scm/svn/mp4parser/isoparser/target/checkout/src/main/java/com/coremedia/iso/boxes/CompositionTimeToSample.java
/home/sannies/scm/svn/mp4parser/isoparser/target/checkout/src/main/java/com/coremedia/iso/boxes/AlbumBox.java
/home/sannies/scm/svn/mp4parser/isoparser/target/checkout/src/main/java/com/coremedia/iso/boxes/SyncSampleBox.java
/home/sannies/scm/svn/mp4parser/isoparser/target/checkout/src/main/java/com/coremedia/iso/boxes/DataReferenceBox.java
/home/sannies/scm/svn/mp4parser/isoparser/target/checkout/src/main/java/com/coremedia/iso/boxes/BitRateBox.java
/home/sannies/scm/svn/mp4parser/isoparser/target/checkout/src/main/java/com/coremedia/iso/boxes/DescriptionBox.java
/home/sannies/scm/svn/mp4parser/isoparser/target/checkout/src/main/java/com/coremedia/iso/boxes/TitleBox.java
/home/sannies/scm/svn/mp4parser/isoparser/target/checkout/src/main/java/com/coremedia/iso/boxes/FileTypeBox.java
/home/sannies/scm/svn/mp4parser/isoparser/target/checkout/src/main/java/com/coremedia/iso/boxes/KeywordsBox.java
/home/sannies/scm/svn/mp4parser/isoparser/target/checkout/src/main/java/com/coremedia/iso/boxes/UnknownBox.java
/home/sannies/scm/svn/mp4parser/isoparser/target/checkout/src/main/java/com/coremedia/iso/boxes/MediaHeaderBox.java
/home/sannies/scm/svn/mp4parser/isoparser/target/checkout/src/main/java/com/coremedia/iso/boxes/TimeToSampleBox.java
/home/sannies/scm/svn/mp4parser/isoparser/target/checkout/src/main/java/com/coremedia/iso/boxes/GenericMediaHeaderBoxImpl.java
/home/sannies/scm/svn/mp4parser/isoparser/target/checkout/src/main/java/com/coremedia/iso/boxes/ChunkOffsetBox.java
/home/sannies/scm/svn/mp4parser/isoparser/target/checkout/src/main/java/com/coremedia/iso/boxes/ChunkOffset64BitBox.java
/home/sannies/scm/svn/mp4parser/isoparser/target/checkout/src/main/java/com/coremedia/iso/boxes/UserDataBox.java
/home/sannies/scm/svn/mp4parser/isoparser/target/checkout/src/main/java/com/coremedia/iso/boxes/SampleSizeBox.java
/home/sannies/scm/svn/mp4parser/isoparser/target/checkout/src/main/java/com/coremedia/iso/boxes/AbstractFullBox.java
/home/sannies/scm/svn/mp4parser/isoparser/target/checkout/src/main/java/com/coremedia/iso/boxes/MediaInformationBox.java
/home/sannies/scm/svn/mp4parser/isoparser/target/checkout/src/main/java/com/coremedia/iso/boxes/VideoMediaHeaderBox.java
/home/sannies/scm/svn/mp4parser/isoparser/target/checkout/src/main/java/com/coremedia/iso/boxes/threegpp26244/LocationInformationBox.java
/home/sannies/scm/svn/mp4parser/isoparser/target/checkout/src/main/java/com/coremedia/iso/boxes/PerformerBox.java
/home/sannies/scm/svn/mp4parser/isoparser/target/checkout/src/main/java/com/coremedia/iso/boxes/OriginalFormatBox.java
/home/sannies/scm/svn/mp4parser/isoparser/target/checkout/src/main/java/com/coremedia/iso/boxes/TrackHeaderBox.java
/home/sannies/scm/svn/mp4parser/isoparser/target/checkout/src/main/java/com/coremedia/iso/boxes/AbstractBox.java
/home/sannies/scm/svn/mp4parser/isoparser/target/checkout/src/main/java/com/coremedia/iso/boxes/MovieHeaderBox.java
/home/sannies/scm/svn/mp4parser/isoparser/target/checkout/src/main/java/com/coremedia/iso/boxes/ClassificationBox.java
/home/sannies/scm/svn/mp4parser/isoparser/target/checkout/src/main/java/com/coremedia/iso/boxes/apple/AppleGenericBox.java
/home/sannies/scm/svn/mp4parser/isoparser/target/checkout/src/main/java/com/coremedia/iso/boxes/apple/AbstractAppleMetaDataBox.java
/home/sannies/scm/svn/mp4parser/isoparser/target/checkout/src/main/java/com/coremedia/iso/boxes/apple/AppleStoreCountryCodeBox.java
/home/sannies/scm/svn/mp4parser/isoparser/target/checkout/src/main/java/com/coremedia/iso/boxes/apple/AppleStoreAccountTypeBox.java
/home/sannies/scm/svn/mp4parser/isoparser/target/checkout/src/main/java/com/coremedia/iso/boxes/apple/AppleDescriptionBox.java
/home/sannies/scm/svn/mp4parser/isoparser/target/checkout/src/main/java/com/coremedia/iso/boxes/apple/AppleAlbumBox.java
/home/sannies/scm/svn/mp4parser/isoparser/target/checkout/src/main/java/com/coremedia/iso/boxes/apple/AppleShowBox.java
/home/sannies/scm/svn/mp4parser/isoparser/target/checkout/src/main/java/com/coremedia/iso/boxes/apple/AppleCommentBox.java
/home/sannies/scm/svn/mp4parser/isoparser/target/checkout/src/main/java/com/coremedia/iso/boxes/apple/AppleAlbumArtistBox.java
/home/sannies/scm/svn/mp4parser/isoparser/target/checkout/src/main/java/com/coremedia/iso/boxes/apple/AppleTrackTitleBox.java
/home/sannies/scm/svn/mp4parser/isoparser/target/checkout/src/main/java/com/coremedia/iso/boxes/apple/AppleRecordingYearBox.java
/home/sannies/scm/svn/mp4parser/isoparser/target/checkout/src/main/java/com/coremedia/iso/boxes/apple/ApplePurchaseDateBox.java
/home/sannies/scm/svn/mp4parser/isoparser/target/checkout/src/main/java/com/coremedia/iso/boxes/apple/AppleSortAlbumBox.java
/home/sannies/scm/svn/mp4parser/isoparser/target/checkout/src/main/java/com/coremedia/iso/boxes/apple/AppleDataReferenceBox.java
/home/sannies/scm/svn/mp4parser/isoparser/target/checkout/src/main/java/com/coremedia/iso/boxes/apple/AppleTvSeasonBox.java
/home/sannies/scm/svn/mp4parser/isoparser/target/checkout/src/main/java/com/coremedia/iso/boxes/apple/AppleMeanBox.java
/home/sannies/scm/svn/mp4parser/isoparser/target/checkout/src/main/java/com/coremedia/iso/boxes/apple/AppleCustomGenreBox.java
/home/sannies/scm/svn/mp4parser/isoparser/target/checkout/src/main/java/com/coremedia/iso/boxes/apple/AppleIdBox.java
/home/sannies/scm/svn/mp4parser/isoparser/target/checkout/src/main/java/com/coremedia/iso/boxes/apple/AppleCompilationBox.java
/home/sannies/scm/svn/mp4parser/isoparser/target/checkout/src/main/java/com/coremedia/iso/boxes/apple/AppleSynopsisBox.java
/home/sannies/scm/svn/mp4parser/isoparser/target/checkout/src/main/java/com/coremedia/iso/boxes/apple/AppleItemListBox.java
/home/sannies/scm/svn/mp4parser/isoparser/target/checkout/src/main/java/com/coremedia/iso/boxes/apple/AppleNameBox.java
/home/sannies/scm/svn/mp4parser/isoparser/target/checkout/src/main/java/com/coremedia/iso/boxes/apple/AppleDataRateBox.java
/home/sannies/scm/svn/mp4parser/isoparser/target/checkout/src/main/java/com/coremedia/iso/boxes/apple/AppleTempBox.java
/home/sannies/scm/svn/mp4parser/isoparser/target/checkout/src/main/java/com/coremedia/iso/boxes/apple/AppleWaveBox.java
/home/sannies/scm/svn/mp4parser/isoparser/target/checkout/src/main/java/com/coremedia/iso/boxes/apple/AppleCoverBox.java
/home/sannies/scm/svn/mp4parser/isoparser/target/checkout/src/main/java/com/coremedia/iso/boxes/apple/AppleTvEpisodeBox.java
/home/sannies/scm/svn/mp4parser/isoparser/target/checkout/src/main/java/com/coremedia/iso/boxes/apple/AppleTrackAuthorBox.java
/home/sannies/scm/svn/mp4parser/isoparser/target/checkout/src/main/java/com/coremedia/iso/boxes/apple/AppleStandardGenreBox.java
/home/sannies/scm/svn/mp4parser/isoparser/target/checkout/src/main/java/com/coremedia/iso/boxes/apple/AppleGaplessPlaybackBox.java
/home/sannies/scm/svn/mp4parser/isoparser/target/checkout/src/main/java/com/coremedia/iso/boxes/apple/AppleNetworkBox.java
/home/sannies/scm/svn/mp4parser/isoparser/target/checkout/src/main/java/com/coremedia/iso/boxes/apple/AppleReferenceMovieBox.java
/home/sannies/scm/svn/mp4parser/isoparser/target/checkout/src/main/java/com/coremedia/iso/boxes/apple/AppleTvEpisodeNumberBox.java
/home/sannies/scm/svn/mp4parser/isoparser/target/checkout/src/main/java/com/coremedia/iso/boxes/apple/AppleReferenceMovieDescriptorBox.java
/home/sannies/scm/svn/mp4parser/isoparser/target/checkout/src/main/java/com/coremedia/iso/boxes/apple/AppleMediaTypeBox.java
/home/sannies/scm/svn/mp4parser/isoparser/target/checkout/src/main/java/com/coremedia/iso/boxes/apple/AppleLosslessSpecificBox.java
/home/sannies/scm/svn/mp4parser/isoparser/target/checkout/src/main/java/com/coremedia/iso/boxes/apple/AppleRatingBox.java
/home/sannies/scm/svn/mp4parser/isoparser/target/checkout/src/main/java/com/coremedia/iso/boxes/apple/AppleTrackNumberBox.java
/home/sannies/scm/svn/mp4parser/isoparser/target/checkout/src/main/java/com/coremedia/iso/boxes/apple/AppleGroupingBox.java
/home/sannies/scm/svn/mp4parser/isoparser/target/checkout/src/main/java/com/coremedia/iso/boxes/apple/AppleEncoderBox.java
/home/sannies/scm/svn/mp4parser/isoparser/target/checkout/src/main/java/com/coremedia/iso/boxes/apple/AppleCopyrightBox.java
/home/sannies/scm/svn/mp4parser/isoparser/target/checkout/src/main/java/com/coremedia/iso/boxes/apple/AppleDataBox.java
/home/sannies/scm/svn/mp4parser/isoparser/target/checkout/src/main/java/com/coremedia/iso/boxes/apple/AppleArtistBox.java
/home/sannies/scm/svn/mp4parser/isoparser/target/checkout/src/main/java/com/coremedia/iso/boxes/ItemProtectionBox.java
/home/sannies/scm/svn/mp4parser/isoparser/target/checkout/src/main/java/com/coremedia/iso/boxes/AbstractMediaHeaderBox.java
/home/sannies/scm/svn/mp4parser/isoparser/target/checkout/src/main/java/com/coremedia/iso/boxes/DataEntryUrlBox.java
/home/sannies/scm/svn/mp4parser/isoparser/target/checkout/src/main/java/com/coremedia/iso/boxes/DataInformationBox.java
/home/sannies/scm/svn/mp4parser/isoparser/target/checkout/src/main/java/com/coremedia/iso/boxes/SchemeTypeBox.java
/home/sannies/scm/svn/mp4parser/isoparser/target/checkout/src/main/java/com/coremedia/iso/boxes/ItemLocationBox.java
/home/sannies/scm/svn/mp4parser/isoparser/target/checkout/src/main/java/com/coremedia/iso/boxes/StaticChunkOffsetBox.java
/home/sannies/scm/svn/mp4parser/isoparser/target/checkout/src/main/java/com/coremedia/iso/boxes/FullBox.java
/home/sannies/scm/svn/mp4parser/isoparser/target/checkout/src/main/java/com/coremedia/iso/boxes/SampleTableBox.java
/home/sannies/scm/svn/mp4parser/isoparser/target/checkout/src/main/java/com/coremedia/iso/boxes/SampleDescriptionBox.java
/home/sannies/scm/svn/mp4parser/isoparser/target/checkout/src/main/java/com/coremedia/iso/boxes/mdat/MediaDataBox.java
/home/sannies/scm/svn/mp4parser/isoparser/target/checkout/src/main/java/com/coremedia/iso/boxes/mdat/Segment.java
/home/sannies/scm/svn/mp4parser/isoparser/target/checkout/src/main/java/com/coremedia/iso/boxes/mdat/DummyMap.java
/home/sannies/scm/svn/mp4parser/isoparser/target/checkout/src/main/java/com/coremedia/iso/boxes/mdat/SampleList.java
/home/sannies/scm/svn/mp4parser/isoparser/target/checkout/src/main/java/com/coremedia/iso/boxes/TrackBox.java
/home/sannies/scm/svn/mp4parser/isoparser/target/checkout/src/main/java/com/coremedia/iso/boxes/fragment/TrackFragmentRandomAccessBox.java
/home/sannies/scm/svn/mp4parser/isoparser/target/checkout/src/main/java/com/coremedia/iso/boxes/fragment/TrackFragmentBox.java
/home/sannies/scm/svn/mp4parser/isoparser/target/checkout/src/main/java/com/coremedia/iso/boxes/fragment/TrackFragmentHeaderBox.java
/home/sannies/scm/svn/mp4parser/isoparser/target/checkout/src/main/java/com/coremedia/iso/boxes/fragment/MovieFragmentRandomAccessOffsetBox.java
/home/sannies/scm/svn/mp4parser/isoparser/target/checkout/src/main/java/com/coremedia/iso/boxes/fragment/TrackFragmentBaseMediaDecodeTimeBox.java
/home/sannies/scm/svn/mp4parser/isoparser/target/checkout/src/main/java/com/coremedia/iso/boxes/fragment/MovieFragmentRandomAccessBox.java
/home/sannies/scm/svn/mp4parser/isoparser/target/checkout/src/main/java/com/coremedia/iso/boxes/fragment/MovieFragmentHeaderBox.java
/home/sannies/scm/svn/mp4parser/isoparser/target/checkout/src/main/java/com/coremedia/iso/boxes/fragment/TrackExtendsBox.java
/home/sannies/scm/svn/mp4parser/isoparser/target/checkout/src/main/java/com/coremedia/iso/boxes/fragment/MovieExtendsBox.java
/home/sannies/scm/svn/mp4parser/isoparser/target/checkout/src/main/java/com/coremedia/iso/boxes/fragment/TrackRunBox.java
/home/sannies/scm/svn/mp4parser/isoparser/target/checkout/src/main/java/com/coremedia/iso/boxes/fragment/MovieFragmentBox.java
/home/sannies/scm/svn/mp4parser/isoparser/target/checkout/src/main/java/com/coremedia/iso/boxes/fragment/MovieExtendsHeaderBox.java
/home/sannies/scm/svn/mp4parser/isoparser/target/checkout/src/main/java/com/coremedia/iso/boxes/fragment/SampleFlags.java
/home/sannies/scm/svn/mp4parser/isoparser/target/checkout/src/main/java/com/coremedia/iso/boxes/ProtectionSchemeInformationBox.java
/home/sannies/scm/svn/mp4parser/isoparser/target/checkout/src/main/java/com/coremedia/iso/boxes/SampleToChunkBox.java
/home/sannies/scm/svn/mp4parser/isoparser/target/checkout/src/main/java/com/coremedia/iso/boxes/TrackReferenceBox.java
/home/sannies/scm/svn/mp4parser/isoparser/target/checkout/src/main/java/com/coremedia/iso/boxes/SampleToGroupBox.java
/home/sannies/scm/svn/mp4parser/isoparser/target/checkout/src/main/java/com/coremedia/iso/boxes/DataEntryUrnBox.java
/home/sannies/scm/svn/mp4parser/isoparser/target/checkout/src/main/java/com/coremedia/iso/boxes/RecordingYearBox.java
/home/sannies/scm/svn/mp4parser/isoparser/target/checkout/src/main/java/com/coremedia/iso/boxes/SoundMediaHeaderBox.java
/home/sannies/scm/svn/mp4parser/isoparser/target/checkout/src/main/java/com/coremedia/iso/boxes/HandlerBox.java
/home/sannies/scm/svn/mp4parser/isoparser/target/checkout/src/main/java/com/coremedia/iso/boxes/Box.java
/home/sannies/scm/svn/mp4parser/isoparser/target/checkout/src/main/java/com/coremedia/iso/boxes/FreeBox.java
/home/sannies/scm/svn/mp4parser/isoparser/target/checkout/src/main/java/com/coremedia/iso/boxes/MovieBox.java
/home/sannies/scm/svn/mp4parser/isoparser/target/checkout/src/main/java/com/coremedia/iso/boxes/EditBox.java
/home/sannies/scm/svn/mp4parser/isoparser/target/checkout/src/main/java/com/coremedia/iso/boxes/CompositionShiftLeastGreatestAtom.java
/home/sannies/scm/svn/mp4parser/isoparser/target/checkout/src/main/java/com/coremedia/iso/boxes/TrackReferenceTypeBox.java
/home/sannies/scm/svn/mp4parser/isoparser/target/checkout/src/main/java/com/coremedia/iso/boxes/CopyrightBox.java
/home/sannies/scm/svn/mp4parser/isoparser/target/checkout/src/main/java/com/coremedia/iso/boxes/GenreBox.java
/home/sannies/scm/svn/mp4parser/isoparser/target/checkout/src/main/java/com/coremedia/iso/boxes/WriteListener.java
/home/sannies/scm/svn/mp4parser/isoparser/target/checkout/src/main/java/com/coremedia/iso/boxes/SampleAuxiliaryInformationOffsetsBox.java
/home/sannies/scm/svn/mp4parser/isoparser/target/checkout/src/main/java/com/coremedia/iso/boxes/EditListBox.java
/home/sannies/scm/svn/mp4parser/isoparser/target/checkout/src/main/java/com/coremedia/iso/boxes/CastUtils.java
/home/sannies/scm/svn/mp4parser/isoparser/target/checkout/src/main/java/com/coremedia/iso/boxes/OmaDrmAccessUnitFormatBox.java
/home/sannies/scm/svn/mp4parser/isoparser/target/checkout/src/main/java/com/coremedia/iso/boxes/UserBox.java
/home/sannies/scm/svn/mp4parser/isoparser/target/checkout/src/main/java/com/coremedia/iso/boxes/vodafone/AlbumArtistBox.java
/home/sannies/scm/svn/mp4parser/isoparser/target/checkout/src/main/java/com/coremedia/iso/boxes/vodafone/LyricsUriBox.java
/home/sannies/scm/svn/mp4parser/isoparser/target/checkout/src/main/java/com/coremedia/iso/boxes/vodafone/CoverUriBox.java
/home/sannies/scm/svn/mp4parser/isoparser/target/checkout/src/main/java/com/coremedia/iso/boxes/vodafone/ContentDistributorIdBox.java
/home/sannies/scm/svn/mp4parser/isoparser/target/checkout/src/main/java/com/coremedia/iso/IsoFile.java
/home/sannies/scm/svn/mp4parser/isoparser/target/checkout/src/main/java/com/coremedia/iso/Hex.java
/home/sannies/scm/svn/mp4parser/isoparser/target/checkout/src/main/java/com/coremedia/iso/IsoTypeReaderVariable.java
/home/sannies/scm/svn/mp4parser/isoparser/target/checkout/src/main/java/com/googlecode/mp4parser/util/Path.java
/home/sannies/scm/svn/mp4parser/isoparser/target/checkout/src/main/java/com/googlecode/mp4parser/util/UUIDConverter.java
/home/sannies/scm/svn/mp4parser/isoparser/target/checkout/src/main/java/com/googlecode/mp4parser/ParseDetail.java
/home/sannies/scm/svn/mp4parser/isoparser/target/checkout/src/main/java/com/googlecode/mp4parser/srt/SrtParser.java
/home/sannies/scm/svn/mp4parser/isoparser/target/checkout/src/main/java/com/googlecode/mp4parser/h264/CharCache.java
/home/sannies/scm/svn/mp4parser/isoparser/target/checkout/src/main/java/com/googlecode/mp4parser/h264/read/BitstreamReader.java
/home/sannies/scm/svn/mp4parser/isoparser/target/checkout/src/main/java/com/googlecode/mp4parser/h264/read/CAVLCReader.java
/home/sannies/scm/svn/mp4parser/isoparser/target/checkout/src/main/java/com/googlecode/mp4parser/h264/write/BitstreamWriter.java
/home/sannies/scm/svn/mp4parser/isoparser/target/checkout/src/main/java/com/googlecode/mp4parser/h264/write/CAVLCWriter.java
/home/sannies/scm/svn/mp4parser/isoparser/target/checkout/src/main/java/com/googlecode/mp4parser/h264/Debug.java
/home/sannies/scm/svn/mp4parser/isoparser/target/checkout/src/main/java/com/googlecode/mp4parser/h264/model/ChromaFormat.java
/home/sannies/scm/svn/mp4parser/isoparser/target/checkout/src/main/java/com/googlecode/mp4parser/h264/model/SeqParameterSet.java
/home/sannies/scm/svn/mp4parser/isoparser/target/checkout/src/main/java/com/googlecode/mp4parser/h264/model/ScalingList.java
/home/sannies/scm/svn/mp4parser/isoparser/target/checkout/src/main/java/com/googlecode/mp4parser/h264/model/PictureParameterSet.java
/home/sannies/scm/svn/mp4parser/isoparser/target/checkout/src/main/java/com/googlecode/mp4parser/h264/model/BitstreamElement.java
/home/sannies/scm/svn/mp4parser/isoparser/target/checkout/src/main/java/com/googlecode/mp4parser/h264/model/AspectRatio.java
/home/sannies/scm/svn/mp4parser/isoparser/target/checkout/src/main/java/com/googlecode/mp4parser/h264/model/ScalingMatrix.java
/home/sannies/scm/svn/mp4parser/isoparser/target/checkout/src/main/java/com/googlecode/mp4parser/h264/model/VUIParameters.java
/home/sannies/scm/svn/mp4parser/isoparser/target/checkout/src/main/java/com/googlecode/mp4parser/h264/model/HRDParameters.java
/home/sannies/scm/svn/mp4parser/isoparser/target/checkout/src/main/java/com/googlecode/mp4parser/h264/BTree.java
/home/sannies/scm/svn/mp4parser/isoparser/target/checkout/src/main/java/com/googlecode/mp4parser/authoring/tracks/AC3TrackImpl.java
/home/sannies/scm/svn/mp4parser/isoparser/target/checkout/src/main/java/com/googlecode/mp4parser/authoring/tracks/CroppedTrack.java
/home/sannies/scm/svn/mp4parser/isoparser/target/checkout/src/main/java/com/googlecode/mp4parser/authoring/tracks/Amf0Track.java
/home/sannies/scm/svn/mp4parser/isoparser/target/checkout/src/main/java/com/googlecode/mp4parser/authoring/tracks/AppendTrack.java
/home/sannies/scm/svn/mp4parser/isoparser/target/checkout/src/main/java/com/googlecode/mp4parser/authoring/tracks/TextTrackImpl.java
/home/sannies/scm/svn/mp4parser/isoparser/target/checkout/src/main/java/com/googlecode/mp4parser/authoring/tracks/ChangeTimeScaleTrack.java
/home/sannies/scm/svn/mp4parser/isoparser/target/checkout/src/main/java/com/googlecode/mp4parser/authoring/tracks/EC3TrackImpl.java
/home/sannies/scm/svn/mp4parser/isoparser/target/checkout/src/main/java/com/googlecode/mp4parser/authoring/TrackMetaData.java
/home/sannies/scm/svn/mp4parser/isoparser/target/checkout/src/main/java/com/googlecode/mp4parser/authoring/Movie.java
/home/sannies/scm/svn/mp4parser/isoparser/target/checkout/src/main/java/com/googlecode/mp4parser/authoring/MovieMetaData.java
/home/sannies/scm/svn/mp4parser/isoparser/target/checkout/src/main/java/com/googlecode/mp4parser/authoring/DateHelper.java
/home/sannies/scm/svn/mp4parser/isoparser/target/checkout/src/main/java/com/googlecode/mp4parser/authoring/Track.java
/home/sannies/scm/svn/mp4parser/isoparser/target/checkout/src/main/java/com/googlecode/mp4parser/authoring/Mp4TrackImpl.java
/home/sannies/scm/svn/mp4parser/isoparser/target/checkout/src/main/java/com/googlecode/mp4parser/authoring/builder/Mp4Builder.java
/home/sannies/scm/svn/mp4parser/isoparser/target/checkout/src/main/java/com/googlecode/mp4parser/authoring/builder/FragmentedMp4Builder.java
/home/sannies/scm/svn/mp4parser/isoparser/target/checkout/src/main/java/com/googlecode/mp4parser/authoring/builder/FragmentIntersectionFinder.java
/home/sannies/scm/svn/mp4parser/isoparser/target/checkout/src/main/java/com/googlecode/mp4parser/authoring/builder/TwoSecondIntersectionFinder.java
/home/sannies/scm/svn/mp4parser/isoparser/target/checkout/src/main/java/com/googlecode/mp4parser/authoring/builder/DefaultMp4Builder.java
/home/sannies/scm/svn/mp4parser/isoparser/target/checkout/src/main/java/com/googlecode/mp4parser/authoring/builder/ByteBufferHelper.java
/home/sannies/scm/svn/mp4parser/isoparser/target/checkout/src/main/java/com/googlecode/mp4parser/authoring/builder/smoothstreaming/PackageWriter.java
/home/sannies/scm/svn/mp4parser/isoparser/target/checkout/src/main/java/com/googlecode/mp4parser/authoring/builder/smoothstreaming/FlatManifestWriterImpl.java
/home/sannies/scm/svn/mp4parser/isoparser/target/checkout/src/main/java/com/googlecode/mp4parser/authoring/builder/smoothstreaming/VideoQuality.java
/home/sannies/scm/svn/mp4parser/isoparser/target/checkout/src/main/java/com/googlecode/mp4parser/authoring/builder/smoothstreaming/AudioQuality.java
/home/sannies/scm/svn/mp4parser/isoparser/target/checkout/src/main/java/com/googlecode/mp4parser/authoring/builder/smoothstreaming/IsmvBuilder.java
/home/sannies/scm/svn/mp4parser/isoparser/target/checkout/src/main/java/com/googlecode/mp4parser/authoring/builder/smoothstreaming/FlatPackageWriterImpl.java
/home/sannies/scm/svn/mp4parser/isoparser/target/checkout/src/main/java/com/googlecode/mp4parser/authoring/builder/smoothstreaming/ManifestWriter.java
/home/sannies/scm/svn/mp4parser/isoparser/target/checkout/src/main/java/com/googlecode/mp4parser/authoring/builder/SyncSampleIntersectFinderImpl.java
/home/sannies/scm/svn/mp4parser/isoparser/target/checkout/src/main/java/com/googlecode/mp4parser/authoring/container/mp4/MovieCreator.java
/home/sannies/scm/svn/mp4parser/isoparser/target/checkout/src/main/java/com/googlecode/mp4parser/authoring/AbstractTrack.java
/home/sannies/scm/svn/mp4parser/isoparser/target/checkout/src/main/java/com/googlecode/mp4parser/ByteBufferByteChannel.java
/home/sannies/scm/svn/mp4parser/isoparser/target/checkout/src/main/java/com/googlecode/mp4parser/boxes/mp4/ESDescriptorBox.java
/home/sannies/scm/svn/mp4parser/isoparser/target/checkout/src/main/java/com/googlecode/mp4parser/boxes/mp4/ObjectDescriptorBox.java
/home/sannies/scm/svn/mp4parser/isoparser/target/checkout/src/main/java/com/googlecode/mp4parser/boxes/mp4/AbstractDescriptorBox.java
/home/sannies/scm/svn/mp4parser/isoparser/target/checkout/src/main/java/com/googlecode/mp4parser/boxes/mp4/objectdescriptors/SLConfigDescriptor.java
/home/sannies/scm/svn/mp4parser/isoparser/target/checkout/src/main/java/com/googlecode/mp4parser/boxes/mp4/objectdescriptors/ExtensionDescriptor.java
/home/sannies/scm/svn/mp4parser/isoparser/target/checkout/src/main/java/com/googlecode/mp4parser/boxes/mp4/objectdescriptors/BitWriterBuffer.java
/home/sannies/scm/svn/mp4parser/isoparser/target/checkout/src/main/java/com/googlecode/mp4parser/boxes/mp4/objectdescriptors/BitReaderBuffer.java
/home/sannies/scm/svn/mp4parser/isoparser/target/checkout/src/main/java/com/googlecode/mp4parser/boxes/mp4/objectdescriptors/ESDescriptor.java
/home/sannies/scm/svn/mp4parser/isoparser/target/checkout/src/main/java/com/googlecode/mp4parser/boxes/mp4/objectdescriptors/AudioSpecificConfig.java
/home/sannies/scm/svn/mp4parser/isoparser/target/checkout/src/main/java/com/googlecode/mp4parser/boxes/mp4/objectdescriptors/BaseDescriptor.java
/home/sannies/scm/svn/mp4parser/isoparser/target/checkout/src/main/java/com/googlecode/mp4parser/boxes/mp4/objectdescriptors/ObjectDescriptorBase.java
/home/sannies/scm/svn/mp4parser/isoparser/target/checkout/src/main/java/com/googlecode/mp4parser/boxes/mp4/objectdescriptors/InitialObjectDescriptor.java
/home/sannies/scm/svn/mp4parser/isoparser/target/checkout/src/main/java/com/googlecode/mp4parser/boxes/mp4/objectdescriptors/DecoderSpecificInfo.java
/home/sannies/scm/svn/mp4parser/isoparser/target/checkout/src/main/java/com/googlecode/mp4parser/boxes/mp4/objectdescriptors/Descriptor.java
/home/sannies/scm/svn/mp4parser/isoparser/target/checkout/src/main/java/com/googlecode/mp4parser/boxes/mp4/objectdescriptors/ObjectDescriptorFactory.java
/home/sannies/scm/svn/mp4parser/isoparser/target/checkout/src/main/java/com/googlecode/mp4parser/boxes/mp4/objectdescriptors/ProfileLevelIndicationDescriptor.java
/home/sannies/scm/svn/mp4parser/isoparser/target/checkout/src/main/java/com/googlecode/mp4parser/boxes/mp4/objectdescriptors/DecoderConfigDescriptor.java
/home/sannies/scm/svn/mp4parser/isoparser/target/checkout/src/main/java/com/googlecode/mp4parser/boxes/mp4/objectdescriptors/UnknownDescriptor.java
/home/sannies/scm/svn/mp4parser/isoparser/target/checkout/src/main/java/com/googlecode/mp4parser/boxes/mp4/objectdescriptors/ExtensionProfileLevelDescriptor.java
/home/sannies/scm/svn/mp4parser/isoparser/target/checkout/src/main/java/com/googlecode/mp4parser/boxes/AbstractTrackEncryptionBox.java
/home/sannies/scm/svn/mp4parser/isoparser/target/checkout/src/main/java/com/googlecode/mp4parser/boxes/AC3SpecificBox.java
/home/sannies/scm/svn/mp4parser/isoparser/target/checkout/src/main/java/com/googlecode/mp4parser/boxes/adobe/ActionMessageFormat0SampleEntryBox.java
/home/sannies/scm/svn/mp4parser/isoparser/target/checkout/src/main/java/com/googlecode/mp4parser/boxes/AbstractSampleEncryptionBox.java
/home/sannies/scm/svn/mp4parser/isoparser/target/checkout/src/main/java/com/googlecode/mp4parser/boxes/ultraviolet/BaseLocationBox.java
/home/sannies/scm/svn/mp4parser/isoparser/target/checkout/src/main/java/com/googlecode/mp4parser/boxes/ultraviolet/AssetInformationBox.java
/home/sannies/scm/svn/mp4parser/isoparser/target/checkout/src/main/java/com/googlecode/mp4parser/boxes/EC3SpecificBox.java
/home/sannies/scm/svn/mp4parser/isoparser/target/checkout/src/main/java/com/googlecode/mp4parser/boxes/DTSSpecificBox.java
/home/sannies/scm/svn/mp4parser/isoparser/target/checkout/src/main/java/com/googlecode/mp4parser/boxes/threegpp26245/FontTableBox.java
/home/sannies/scm/svn/mp4parser/isoparser/target/checkout/src/main/java/com/googlecode/mp4parser/boxes/MLPSpecificBox.java
/home/sannies/scm/svn/mp4parser/isoparser/target/checkout/src/main/java/com/googlecode/mp4parser/boxes/basemediaformat/TrackEncryptionBox.java
/home/sannies/scm/svn/mp4parser/isoparser/target/checkout/src/main/java/com/googlecode/mp4parser/boxes/basemediaformat/AvcNalUnitStorageBox.java
/home/sannies/scm/svn/mp4parser/isoparser/target/checkout/src/main/java/com/googlecode/mp4parser/boxes/basemediaformat/SampleEncryptionBox.java
/home/sannies/scm/svn/mp4parser/isoparser/target/checkout/src/main/java/com/googlecode/mp4parser/boxes/piff/TfrfBox.java
/home/sannies/scm/svn/mp4parser/isoparser/target/checkout/src/main/java/com/googlecode/mp4parser/boxes/piff/PiffSampleEncryptionBox.java
/home/sannies/scm/svn/mp4parser/isoparser/target/checkout/src/main/java/com/googlecode/mp4parser/boxes/piff/TfxdBox.java
/home/sannies/scm/svn/mp4parser/isoparser/target/checkout/src/main/java/com/googlecode/mp4parser/boxes/piff/PiffTrackEncryptionBox.java
/home/sannies/scm/svn/mp4parser/isoparser/target/checkout/src/main/java/com/googlecode/mp4parser/RequiresParseDetailAspect.java
/home/sannies/scm/svn/mp4parser/isoparser/target/checkout/src/main/java/com/googlecode/mp4parser/DoNotParseDetail.java
