# Описание формата карты:
#
# Первая непустая строка содержит ширину (W) и высоту (H) карты в тайлах - квадратных областях размером 800x800.
# Допустимыми значениями W и H являются целые числа от 3 до 99,
# однако в официальном чемпионате ограничение более строгое: от 8 до 16.
#
# Далее следует H непустых строк, содержащих по W значащих символов каждая.
# Эти строки являются схемой карты, в которой каждый символ представляет собой один тайл.
#
# Виды тайлов:
#     █ - не содержит участка дороги
#     ║, ═ - содержит прямой участок
#     ╔, ╗, ╝, ╚ - содержит поворот
#     ╠, ╣, ╦, ╩ - содержит Т-образный участок
#     ╬ - содержит перекрёсток
#
# В следующей строке содержится число N (4 <= N <= 1000) - количество контрольных точек (нумерация от 0 до N - 1).
# Каждая контрольная точка задана в отдельной строке парой чисел X (0 <= X <= W - 1) и Y (0 <= Y <= H - 1),
# определяющей конкретный тайл. Контрольная точка с номером ноль является стартовой позицией кодемобилей в начале игры,
# а её повторное прохождение после завершения цикла контрольных точек означает завершение круга. Нулевая контрольная
# точка должна находиться на тайле, содержащем прямой часток дороги.
#
# В последней строке находится направление кодемобиля на стартовой позиции:
#     UP или DOWN - для вертикального прямого участка
#     RIGHT или LEFT - для горизонтального прямого участка
#
# P.S. Допустимо (но не рекомендуется) использовать одиночные пробелы и пустые строки для условного разделения схемы
# на блоки. Строки, начинающиеся с символа #, игнорируются. Размер файла не должен превышать 256 кБ.

16 8

╔═══╗███████████
║███╠═╦╦╗█╔═╦╗██
╠╦══╣█╠╬╬═╣█╠╬═╗
║║██╚═╩╩╝█╚═╩╝█║
╠╣██╔═╦╦╗█╔═╦╗█║
╠╩══╣█╠╬╬═╣█╠╬═╝
║███╠═╩╩╝█╚═╩╝██
╚═══╝███████████

8
1 3
2 2
4 7
0 5
15 5
9 2
2 2
2 0

DOWN
